// Jest Snapshot v1, https://goo.gl/fbAQLP

exports[`PageVideoList should render 1`] = `
<div
  class="sc-bdVaJa cDyoBV"
/>
`;
